// Jest Snapshot v1, https://goo.gl/fbAQLP

exports[`Massages page/Massage component should render correctly with data 1`] = `
<div
  className="container"
>
  <h3
    className="title"
  >
    Класически
  </h3>
  <div
    className="imgInfoContainer"
  >
    <div
      className="imgContainer"
    >
      <img
        alt="Класически"
        src=""
      />
    </div>
    <div
      className="infoContainer"
    >
      <p>
        класически масаж
      </p>
      <div>
        <Link
          className="link"
          to="/massages/classic"
        >
          <i
            className="fas fa-search"
          />
          Вижте повече!
        </Link>
      </div>
    </div>
  </div>
</div>
`;
