// Jest Snapshot v1, https://goo.gl/fbAQLP

exports[`Massages page should render correctly with no data 1`] = `
<div>
  <div
    className="container black"
  >
    <h2>
      Масажи
    </h2>
  </div>
  <div
    style={
      Object {
        "textAlign": "center",
      }
    }
  >
    <span
      className="MuiCircularProgress-root MuiCircularProgress-indeterminate MuiCircularProgress-colorPrimary css-18lrjg1-MuiCircularProgress-root"
      role="progressbar"
      style={
        Object {
          "height": "8rem",
          "width": "8rem",
        }
      }
    >
      <svg
        className="MuiCircularProgress-svg css-1idz92c-MuiCircularProgress-svg"
        viewBox="22 22 44 44"
      >
        <circle
          className="MuiCircularProgress-circle MuiCircularProgress-circleIndeterminate css-176wh8e-MuiCircularProgress-circle"
          cx={44}
          cy={44}
          fill="none"
          r={20.2}
          strokeWidth={3.6}
          style={Object {}}
        />
      </svg>
    </span>
  </div>
</div>
`;
